// Jest Snapshot v1, https://goo.gl/fbAQLP

exports[`App changes the class when hovered 1`] = `
Array [
  <h1>
    Status: 
    normal
  </h1>,
  <a
    className="normal"
    href="http://www.facebook.com"
    onMouseEnter={[Function]}
    onMouseLeave={[Function]}
  >
    Facebook
  </a>,
]
`;
